[csgocasesimulator.com/en/case-simulator/index.html]
[backblue.gif]
[fade.gif]
[index.html]
[csgocasesimulator.com/wp-includes/css/dist/block-library/style.min6a4d.css]
[csgocasesimulator.com/wp-includes/css/classic-themes.min68b3.css]
[csgocasesimulator.com/wp-content/plugins/contact-form-7/includes/css/styles42f0.css]
[csgocasesimulator.com/wp-content/themes/hellcase-blog/style8a54.css]
[csgocasesimulator.com/wp-content/themes/hellcase-blog/assets/css/owl6a4d.css]
[csgocasesimulator.com/wp-content/themes/hellcase-blog/assets/css/styles756b.css]
[csgocasesimulator.com/wp-content/plugins/newsletter/style4d9f.css]
[csgocasesimulator.com/wp-includes/js/jquery/jquery.mina7a0.js]
[csgocasesimulator.com/wp-includes/js/jquery/jquery-migrate.mind617.js]
[csgocasesimulator.com/wp-content/themes/hellcase-blog/assets/js/owl.min6a4d.js]
[csgocasesimulator.com/wp-content/themes/hellcase-blog/assets/js/animations.min6a4d.js]
[csgocasesimulator.com/wp-content/themes/hellcase-blog/assets/js/jquery-transitions.min6a4d.js]
[csgocasesimulator.com/wp-content/themes/hellcase-blog/assets/js/howler.min6a4d.js]
[csgocasesimulator.com/wp-content/themes/hellcase-blog/assets/js/app8a54.js]
[csgocasesimulator.com/wp-content/uploads/2022/09/cropped-favicon-big-32x32.png]
[csgocasesimulator.com/wp-content/uploads/2022/09/cropped-favicon-big-192x192.png]
[csgocasesimulator.com/wp-content/uploads/2022/09/cropped-favicon-big-180x180.png]
[cdnhell.com/hellcase/img/case/revolution/img_300x300.png]
[cdnhell.com/hellcase/img/case/recoil/img_300x300.png]
[cdnhell.com/hellcase/img/case/dreams_and_nightmares/img_300x300.png]
[cdnhell.com/hellcase/img/case/falchion/img_300x300.png]
[cdnsteam.cdnhell.com/730/-9a81dlWLwJ2UUGcVs_nsVtzdOEdtWwKGZZLQHTxDZ7I56K/360fx360f.png]
[cdnsteam.cdnhell.com/730/-9a81dlWLwJ2UUGcVs_nsVtzdOEdtWwKGZZLQHTxDZ7I56K/360fx360f-2.png]
[cdnsteam.cdnhell.com/730/-9a81dlWLwJ2UUGcVs_nsVtzdOEdtWwKGZZLQHTxDZ7I56K/360fx360f-3.png]
[cdnsteam.cdnhell.com/730/-9a81dlWLwJ2UUGcVs_nsVtzdOEdtWwKGZZLQHTxDZ7I56K/360fx360f-4.png]
[cdnsteam.cdnhell.com/730/-9a81dlWLwJ2UUGcVs_nsVtzdOEdtWwKGZZLQHTxDZ7I56K/360fx360f-5.png]
[cdnsteam.cdnhell.com/730/-9a81dlWLwJ2UUGcVs_nsVtzdOEdtWwKGZZLQHTxDZ7I56K/360fx360f-6.png]
[cdnsteam.cdnhell.com/730/-9a81dlWLwJ2UUGcVs_nsVtzdOEdtWwKGZZLQHTxDZ7I56K/360fx360f-7.png]
[cdnsteam.cdnhell.com/730/-9a81dlWLwJ2UUGcVs_nsVtzdOEdtWwKGZZLQHTxDZ7I56K/360fx360f-8.png]
[cdnsteam.cdnhell.com/730/-9a81dlWLwJ2UUGcVs_nsVtzdOEdtWwKGZZLQHTxDZ7I56K/360fx360f-9.png]
[cdnsteam.cdnhell.com/730/-9a81dlWLwJ2UUGcVs_nsVtzdOEdtWwKGZZLQHTxDZ7I56K/360fx360f-10.png]
[cdnsteam.cdnhell.com/730/-9a81dlWLwJ2UUGcVs_nsVtzdOEdtWwKGZZLQHTxDZ7I56K/360fx360f-11.png]
[cdnsteam.cdnhell.com/730/-9a81dlWLwJ2UUGcVs_nsVtzdOEdtWwKGZZLQHTxDZ7I56K/360fx360f-12.png]
[cdnsteam.cdnhell.com/730/-9a81dlWLwJ2UUGcVs_nsVtzdOEdtWwKGZZLQHTxDZ7I56K/360fx360f-13.png]
[cdnsteam.cdnhell.com/730/-9a81dlWLwJ2UUGcVs_nsVtzdOEdtWwKGZZLQHTxDZ7I56K/360fx360f-14.png]
[cdnsteam.cdnhell.com/730/-9a81dlWLwJ2UUGcVs_nsVtzdOEdtWwKGZZLQHTxDZ7I56K/360fx360f-15.png]
[cdnsteam.cdnhell.com/730/-9a81dlWLwJ2UUGcVs_nsVtzdOEdtWwKGZZLQHTxDZ7I56K/360fx360f-16.png]
[cdnsteam.cdnhell.com/730/-9a81dlWLwJ2UUGcVs_nsVtzdOEdtWwKGZZLQHTxDZ7I56K/360fx360f-17.png]
[cdnsteam.cdnhell.com/730/-9a81dlWLwJ2UUGcVs_nsVtzdOEdtWwKGZZLQHTxDZ7I56K/360fx360f-18.png]
[cdnsteam.cdnhell.com/730/-9a81dlWLwJ2UUGcVs_nsVtzdOEdtWwKGZZLQHTxDZ7I56K/360fx360f-19.png]
[cdnsteam.cdnhell.com/730/-9a81dlWLwJ2UUGcVs_nsVtzdOEdtWwKGZZLQHTxDZ7I56K/360fx360f-20.png]
[cdnsteam.cdnhell.com/730/-9a81dlWLwJ2UUGcVs_nsVtzdOEdtWwKGZZLQHTxDZ7I56K/360fx360f-21.png]
[cdnsteam.cdnhell.com/730/-9a81dlWLwJ2UUGcVs_nsVtzdOEdtWwKGZZLQHTxDZ7I56K/360fx360f-22.png]
[cdnsteam.cdnhell.com/730/-9a81dlWLwJ2UUGcVs_nsVtzdOEdtWwKGZZLQHTxDZ7I56K/360fx360f-23.png]
[cdnsteam.cdnhell.com/730/-9a81dlWLwJ2UUGcVs_nsVtzdOEdtWwKGZZLQHTxDZ7I56K/360fx360f-24.png]
[cdnsteam.cdnhell.com/730/-9a81dlWLwJ2UUGcVs_nsVtzdOEdtWwKGZZLQHTxDZ7I56K/360fx360f-25.png]
[cdnsteam.cdnhell.com/730/-9a81dlWLwJ2UUGcVs_nsVtzdOEdtWwKGZZLQHTxDZ7I56K/360fx360f-26.png]
[cdnsteam.cdnhell.com/730/-9a81dlWLwJ2UUGcVs_nsVtzdOEdtWwKGZZLQHTxDZ7I56K/360fx360f-27.png]
[cdnsteam.cdnhell.com/730/-9a81dlWLwJ2UUGcVs_nsVtzdOEdtWwKGZZLQHTxDZ7I56K/360fx360f-28.png]
[cdnsteam.cdnhell.com/730/-9a81dlWLwJ2UUGcVs_nsVtzdOEdtWwKGZZLQHTxDZ7I56K/360fx360f-29.png]
[cdnsteam.cdnhell.com/730/-9a81dlWLwJ2UUGcVs_nsVtzdOEdtWwKGZZLQHTxDZ7I56K/360fx360f-30.png]
[cdnsteam.cdnhell.com/730/-9a81dlWLwJ2UUGcVs_nsVtzdOEdtWwKGZZLQHTxDZ7I56K/360fx360f-31.png]
[cdnsteam.cdnhell.com/730/-9a81dlWLwJ2UUGcVs_nsVtzdOEdtWwKGZZLQHTxDZ7I56K/360fx360f-32.png]
[cdnsteam.cdnhell.com/730/-9a81dlWLwJ2UUGcVs_nsVtzdOEdtWwKGZZLQHTxDZ7I56K/360fx360f-33.png]
[cdnsteam.cdnhell.com/730/-9a81dlWLwJ2UUGcVs_nsVtzdOEdtWwKGZZLQHTxDZ7I56K/360fx360f-34.png]
[cdnsteam.cdnhell.com/730/-9a81dlWLwJ2UUGcVs_nsVtzdOEdtWwKGZZLQHTxDZ7I56K/360fx360f-35.png]
[cdnsteam.cdnhell.com/730/-9a81dlWLwJ2UUGcVs_nsVtzdOEdtWwKGZZLQHTxDZ7I56K/360fx360f-36.png]
[cdnsteam.cdnhell.com/730/-9a81dlWLwJ2UUGcVs_nsVtzdOEdtWwKGZZLQHTxDZ7I56K/360fx360f-37.png]
[cdnsteam.cdnhell.com/730/-9a81dlWLwJ2UUGcVs_nsVtzdOEdtWwKGZZLQHTxDZ7I56K/360fx360f-38.png]
[cdnsteam.cdnhell.com/730/-9a81dlWLwJ2UUGcVs_nsVtzdOEdtWwKGZZLQHTxDZ7I56K/360fx360f-39.png]
[cdnsteam.cdnhell.com/730/-9a81dlWLwJ2UUGcVs_nsVtzdOEdtWwKGZZLQHTxDZ7I56K/360fx360f-40.png]
[cdnsteam.cdnhell.com/730/-9a81dlWLwJ2UUGcVs_nsVtzdOEdtWwKGZZLQHTxDZ7I56K/360fx360f-41.png]
[cdnsteam.cdnhell.com/730/-9a81dlWLwJ2UUGcVs_nsVtzdOEdtWwKGZZLQHTxDZ7I56K/360fx360f-42.png]
[cdnsteam.cdnhell.com/730/-9a81dlWLwJ2UUGcVs_nsVtzdOEdtWwKGZZLQHTxDZ7I56K/360fx360f-43.png]
[cdnsteam.cdnhell.com/730/-9a81dlWLwJ2UUGcVs_nsVtzdOEdtWwKGZZLQHTxDZ7I56K/360fx360f-44.png]
[cdnsteam.cdnhell.com/730/-9a81dlWLwJ2UUGcVs_nsVtzdOEdtWwKGZZLQHTxDZ7I56K/360fx360f-45.png]
[cdnsteam.cdnhell.com/730/-9a81dlWLwJ2UUGcVs_nsVtzdOEdtWwKGZZLQHTxDZ7I56K/360fx360f-46.png]
[cdnsteam.cdnhell.com/730/-9a81dlWLwJ2UUGcVs_nsVtzdOEdtWwKGZZLQHTxDZ7I56K/360fx360f-47.png]
[cdnsteam.cdnhell.com/730/-9a81dlWLwJ2UUGcVs_nsVtzdOEdtWwKGZZLQHTxDZ7I56K/360fx360f-48.png]
[cdnsteam.cdnhell.com/730/-9a81dlWLwJ2UUGcVs_nsVtzdOEdtWwKGZZLQHTxDZ7I56K/360fx360f-49.png]
[cdnsteam.cdnhell.com/730/-9a81dlWLwJ2UUGcVs_nsVtzdOEdtWwKGZZLQHTxDZ7I56K/360fx360f-50.png]
[cdnsteam.cdnhell.com/730/-9a81dlWLwJ2UUGcVs_nsVtzdOEdtWwKGZZLQHTxDZ7I56K/360fx360f-51.png]
[cdnsteam.cdnhell.com/730/-9a81dlWLwJ2UUGcVs_nsVtzdOEdtWwKGZZLQHTxDZ7I56K/360fx360f-52.png]
[cdnsteam.cdnhell.com/730/-9a81dlWLwJ2UUGcVs_nsVtzdOEdtWwKGZZLQHTxDZ7I56K/360fx360f-53.png]
[cdnsteam.cdnhell.com/730/-9a81dlWLwJ2UUGcVs_nsVtzdOEdtWwKGZZLQHTxDZ7I56K/360fx360f-54.png]
[cdnsteam.cdnhell.com/730/-9a81dlWLwJ2UUGcVs_nsVtzdOEdtWwKGZZLQHTxDZ7I56K/360fx360f-55.png]
[cdnsteam.cdnhell.com/730/-9a81dlWLwJ2UUGcVs_nsVtzdOEdtWwKGZZLQHTxDZ7I56K/360fx360f-56.png]
[cdnsteam.cdnhell.com/730/-9a81dlWLwJ2UUGcVs_nsVtzdOEdtWwKGZZLQHTxDZ7I56K/360fx360f-57.png]
[cdnsteam.cdnhell.com/730/-9a81dlWLwJ2UUGcVs_nsVtzdOEdtWwKGZZLQHTxDZ7I56K/360fx360f-58.png]
[cdnsteam.cdnhell.com/730/-9a81dlWLwJ2UUGcVs_nsVtzdOEdtWwKGZZLQHTxDZ7I56K/360fx360f-59.png]
[cdnsteam.cdnhell.com/730/-9a81dlWLwJ2UUGcVs_nsVtzdOEdtWwKGZZLQHTxDZ7I56K/360fx360f-60.png]
[cdnsteam.cdnhell.com/730/-9a81dlWLwJ2UUGcVs_nsVtzdOEdtWwKGZZLQHTxDZ7I56K/360fx360f-61.png]
[cdnsteam.cdnhell.com/730/-9a81dlWLwJ2UUGcVs_nsVtzdOEdtWwKGZZLQHTxDZ7I56K/360fx360f-62.png]
[cdnsteam.cdnhell.com/730/-9a81dlWLwJ2UUGcVs_nsVtzdOEdtWwKGZZLQHTxDZ7I56K/360fx360f-63.png]
[cdnsteam.cdnhell.com/730/-9a81dlWLwJ2UUGcVs_nsVtzdOEdtWwKGZZLQHTxDZ7I56K/360fx360f-64.png]
[cdnsteam.cdnhell.com/730/-9a81dlWLwJ2UUGcVs_nsVtzdOEdtWwKGZZLQHTxDZ7I56K/360fx360f-65.png]
[cdnsteam.cdnhell.com/730/-9a81dlWLwJ2UUGcVs_nsVtzdOEdtWwKGZZLQHTxDZ7I56K/360fx360f-66.png]
[cdnsteam.cdnhell.com/730/-9a81dlWLwJ2UUGcVs_nsVtzdOEdtWwKGZZLQHTxDZ7I56K/360fx360f-67.png]
[cdnsteam.cdnhell.com/730/-9a81dlWLwJ2UUGcVs_nsVtzdOEdtWwKGZZLQHTxDZ7I56K/360fx360f-68.png]
[cdnsteam.cdnhell.com/730/-9a81dlWLwJ2UUGcVs_nsVtzdOEdtWwKGZZLQHTxDZ7I56K/360fx360f-69.png]
[cdnsteam.cdnhell.com/730/-9a81dlWLwJ2UUGcVs_nsVtzdOEdtWwKGZZLQHTxDZ7I56K/360fx360f-70.png]
[cdnsteam.cdnhell.com/730/-9a81dlWLwJ2UUGcVs_nsVtzdOEdtWwKGZZLQHTxDZ7I56K/360fx360f-71.png]
[cdnsteam.cdnhell.com/730/-9a81dlWLwJ2UUGcVs_nsVtzdOEdtWwKGZZLQHTxDZ7I56K/360fx360f-72.png]
[cdnsteam.cdnhell.com/730/-9a81dlWLwJ2UUGcVs_nsVtzdOEdtWwKGZZLQHTxDZ7I56K/360fx360f-73.png]
[cdnsteam.cdnhell.com/730/-9a81dlWLwJ2UUGcVs_nsVtzdOEdtWwKGZZLQHTxDZ7I56K/360fx360f-74.png]
[cdnsteam.cdnhell.com/730/-9a81dlWLwJ2UUGcVs_nsVtzdOEdtWwKGZZLQHTxDZ7I56K/360fx360f-75.png]
[cdnsteam.cdnhell.com/730/-9a81dlWLwJ2UUGcVs_nsVtzdOEdtWwKGZZLQHTxDZ7I56K/360fx360f-76.png]
[cdnsteam.cdnhell.com/730/-9a81dlWLwJ2UUGcVs_nsVtzdOEdtWwKGZZLQHTxDZ7I56K/360fx360f-77.png]
[cdnsteam.cdnhell.com/730/-9a81dlWLwJ2UUGcVs_nsVtzdOEdtWwKGZZLQHTxDZ7I56K/360fx360f-78.png]
[cdnsteam.cdnhell.com/730/-9a81dlWLwJ2UUGcVs_nsVtzdOEdtWwKGZZLQHTxDZ7I56K/360fx360f-79.png]
[csgocasesimulator.com/wp-content/themes/hellcase-blog/assets/img/case.png]
[csgocasesimulator.com/wp-content/themes/hellcase-blog/assets/img/knife.png]
[csgocasesimulator.com/wp-content/plugins/contact-form-7/includes/swv/js/index42f0.js]
[csgocasesimulator.com/wp-content/plugins/contact-form-7/includes/js/index42f0.js]
[csgocasesimulator.com/en/case-simulator/index.html]
[www.googletagmanager.com/gtm5445.html]
[csgocasesimulator.com/wp-includes/css/dist/block-library/style.min6a4d.css]
[csgocasesimulator.com/wp-includes/css/classic-themes.min68b3.css]
[csgocasesimulator.com/wp-content/plugins/contact-form-7/includes/css/styles42f0.css]
[csgocasesimulator.com/wp-content/themes/hellcase-blog/style8a54.css]
[csgocasesimulator.com/wp-content/themes/hellcase-blog/js/navigation8a54.js]
[csgocasesimulator.com/wp-content/themes/hellcase-blog/assets/css/owl.video.play.png]
[csgocasesimulator.com/wp-content/themes/hellcase-blog/assets/css/owl6a4d.css]
[csgocasesimulator.com/wp-content/themes/hellcase-blog/assets/img/home-bg.png]
[csgocasesimulator.com/wp-content/themes/hellcase-blog/assets/img/404-bg.png]
[csgocasesimulator.com/wp-content/themes/hellcase-blog/assets/img/about-bg.png]
[csgocasesimulator.com/wp-content/themes/hellcase-blog/assets/img/simulator-art.png]
[csgocasesimulator.com/wp-content/themes/hellcase-blog/assets/img/case-bg.png]
[csgocasesimulator.com/wp-content/themes/hellcase-blog/assets/img/obtain-art.png]
[csgocasesimulator.com/wp-content/themes/hellcase-blog/assets/img/list-art.png]
[csgocasesimulator.com/wp-content/themes/hellcase-blog/assets/css/styles756b.css]
[csgocasesimulator.com/wp-content/plugins/newsletter/style4d9f.css]
[csgocasesimulator.com/wp-content/themes/hellcase-blog/assets/css/owl.video.play.html]
